JVM info: Eclipse Adoptium - 21.0.3 - 21.0.3+9-LTS
java.net.preferIPv4Stack=true
Current Time: 03/09/2026 02:52:11
Host: maven.neoforged.net [95.173.204.21, 95.173.204.18, 95.173.204.25, 178.249.213.2, 95.173.204.15, 178.249.213.27]
Host: libraries.minecraft.net [150.171.110.136]
Host: launchermeta.mojang.com [150.171.110.134]
Host: piston-meta.mojang.com [150.171.110.134]
Host: sessionserver.mojang.com [150.171.110.137]
Found java version 21.0.3
Target Directory: data\instances\6c7fc5e4-d926-44c4-9a5f-d83b4cced67d
Following redirect: https://neoforged.net/mirrorlist.json
Considering Minecraft server jar
Downloading library from https://piston-meta.mojang.com/v1/packages/ef815ab76bce3f1a4c2d7fe712527304923bbe3a/26.2.json
	Download completed: Checksum validated.
Downloading library from https://piston-data.mojang.com/v1/objects/823e2250d24b3ddac457a60c92a6a941943fcd6a/server.jar
	Download completed: Checksum validated.
Downloading libraries
Found 1 additional library directories
Considering library net.neoforged.fancymodloader:earlydisplay:11.0.16
Downloading library from https://maven.neoforged.net/releases/net/neoforged/fancymodloader/earlydisplay/11.0.16/earlydisplay-11.0.16.jar
	Download completed: Checksum validated.
Considering library net.neoforged.fancymodloader:loader:11.0.16
Downloading library from https://maven.neoforged.net/releases/net/neoforged/fancymodloader/loader/11.0.16/loader-11.0.16.jar
	Download completed: Checksum validated.
Considering library net.neoforged:accesstransformers:11.0.2
Downloading library from https://maven.neoforged.net/releases/net/neoforged/accesstransformers/11.0.2/accesstransformers-11.0.2.jar
	Download completed: Checksum validated.
Considering library org.ow2.asm:asm-commons:9.10.1
Downloading library from https://maven.neoforged.net/releases/org/ow2/asm/asm-commons/9.10.1/asm-commons-9.10.1.jar
	Download completed: Checksum validated.
Considering library net.neoforged:mergetool:2.0.7:api
Downloading library from https://maven.neoforged.net/releases/net/neoforged/mergetool/2.0.7/mergetool-2.0.7-api.jar
	Download completed: Checksum validated.
Considering library org.ow2.asm:asm-util:9.10.1
Downloading library from https://maven.neoforged.net/releases/org/ow2/asm/asm-util/9.10.1/asm-util-9.10.1.jar
	Download completed: Checksum validated.
Considering library org.ow2.asm:asm-analysis:9.10.1
Downloading library from https://maven.neoforged.net/releases/org/ow2/asm/asm-analysis/9.10.1/asm-analysis-9.10.1.jar
	Download completed: Checksum validated.
Considering library org.ow2.asm:asm-tree:9.10.1
Downloading library from https://maven.neoforged.net/releases/org/ow2/asm/asm-tree/9.10.1/asm-tree-9.10.1.jar
	Download completed: Checksum validated.
Considering library net.neoforged:bus:8.0.5
Downloading library from https://maven.neoforged.net/releases/net/neoforged/bus/8.0.5/bus-8.0.5.jar
	Download completed: Checksum validated.
Considering library org.ow2.asm:asm:9.10.1
Downloading library from https://maven.neoforged.net/releases/org/ow2/asm/asm/9.10.1/asm-9.10.1.jar
	Download completed: Checksum validated.
Considering library com.electronwill.night-config:toml:3.9.0
Downloading library from https://maven.neoforged.net/releases/com/electronwill/night-config/toml/3.9.0/toml-3.9.0.jar
	Download completed: Checksum validated.
Considering library com.electronwill.night-config:core:3.9.0
Downloading library from https://maven.neoforged.net/releases/com/electronwill/night-config/core/3.9.0/core-3.9.0.jar
	Download completed: Checksum validated.
Considering library net.neoforged:JarJarSelector:0.5.1
Downloading library from https://maven.neoforged.net/releases/net/neoforged/JarJarSelector/0.5.1/JarJarSelector-0.5.1.jar
	Download completed: Checksum validated.
Considering library net.neoforged:JarJarMetadata:0.5.1
Downloading library from https://maven.neoforged.net/releases/net/neoforged/JarJarMetadata/0.5.1/JarJarMetadata-0.5.1.jar
	Download completed: Checksum validated.
Considering library org.apache.maven:maven-artifact:3.9.16
Downloading library from https://maven.neoforged.net/releases/org/apache/maven/maven-artifact/3.9.16/maven-artifact-3.9.16.jar
	Download completed: Checksum validated.
Considering library net.jodah:typetools:0.6.3
Downloading library from https://maven.neoforged.net/releases/net/jodah/typetools/0.6.3/typetools-0.6.3.jar
	Download completed: Checksum validated.
Considering library net.minecrell:terminalconsoleappender:1.3.0
Downloading library from https://maven.neoforged.net/releases/net/minecrell/terminalconsoleappender/1.3.0/terminalconsoleappender-1.3.0.jar
	Download completed: Checksum validated.
Considering library net.fabricmc:sponge-mixin:0.17.3+mixin.0.8.7
Downloading library from https://maven.neoforged.net/releases/net/fabricmc/sponge-mixin/0.17.3+mixin.0.8.7/sponge-mixin-0.17.3+mixin.0.8.7.jar
	Download completed: Checksum validated.
Considering library net.neoforged.accesstransformers:at-parser:11.0.2
Downloading library from https://maven.neoforged.net/releases/net/neoforged/accesstransformers/at-parser/11.0.2/at-parser-11.0.2.jar
	Download completed: Checksum validated.
Considering library net.neoforged:srgutils:1.0.10
Downloading library from https://maven.neoforged.net/releases/net/neoforged/srgutils/1.0.10/srgutils-1.0.10.jar
	Download completed: Checksum validated.
Considering library org.codehaus.plexus:plexus-utils:3.6.1
Downloading library from https://maven.neoforged.net/releases/org/codehaus/plexus/plexus-utils/3.6.1/plexus-utils-3.6.1.jar
	Download completed: Checksum validated.
Considering library org.jline:jline-reader:3.20.0
Downloading library from https://maven.neoforged.net/releases/org/jline/jline-reader/3.20.0/jline-reader-3.20.0.jar
	Download completed: Checksum validated.
Considering library com.google.guava:listenablefuture:9999.0-empty-to-avoid-conflict-with-guava
Downloading library from https://libraries.minecraft.net/com/google/guava/listenablefuture/9999.0-empty-to-avoid-conflict-with-guava/listenablefuture-9999.0-empty-to-avoid-conflict-with-guava.jar
	Download completed: Checksum validated.
Considering library com.google.errorprone:error_prone_annotations:2.48.0
Downloading library from https://libraries.minecraft.net/com/google/errorprone/error_prone_annotations/2.48.0/error_prone_annotations-2.48.0.jar
	Download completed: Checksum validated.
Considering library com.google.j2objc:j2objc-annotations:3.1
Downloading library from https://libraries.minecraft.net/com/google/j2objc/j2objc-annotations/3.1/j2objc-annotations-3.1.jar
	Download completed: Checksum validated.
Considering library org.jline:jline-terminal:3.20.0
Downloading library from https://maven.neoforged.net/releases/org/jline/jline-terminal/3.20.0/jline-terminal-3.20.0.jar
	Download completed: Checksum validated.
Considering library net.neoforged.fancymodloader:earlydisplay:11.0.16
File data\instances\6c7fc5e4-d926-44c4-9a5f-d83b4cced67d\libraries\net\neoforged\fancymodloader\earlydisplay\11.0.16\earlydisplay-11.0.16.jar exists. Checksum valid.
Considering library net.neoforged.fancymodloader:loader:11.0.16
File data\instances\6c7fc5e4-d926-44c4-9a5f-d83b4cced67d\libraries\net\neoforged\fancymodloader\loader\11.0.16\loader-11.0.16.jar exists. Checksum valid.
Considering library net.neoforged:accesstransformers:11.0.2
File data\instances\6c7fc5e4-d926-44c4-9a5f-d83b4cced67d\libraries\net\neoforged\accesstransformers\11.0.2\accesstransformers-11.0.2.jar exists. Checksum valid.
Considering library org.ow2.asm:asm-commons:9.10.1
File data\instances\6c7fc5e4-d926-44c4-9a5f-d83b4cced67d\libraries\org\ow2\asm\asm-commons\9.10.1\asm-commons-9.10.1.jar exists. Checksum valid.
Considering library net.neoforged:mergetool:2.0.7:api
File data\instances\6c7fc5e4-d926-44c4-9a5f-d83b4cced67d\libraries\net\neoforged\mergetool\2.0.7\mergetool-2.0.7-api.jar exists. Checksum valid.
Considering library org.ow2.asm:asm-util:9.10.1
File data\instances\6c7fc5e4-d926-44c4-9a5f-d83b4cced67d\libraries\org\ow2\asm\asm-util\9.10.1\asm-util-9.10.1.jar exists. Checksum valid.
Considering library org.ow2.asm:asm-analysis:9.10.1
File data\instances\6c7fc5e4-d926-44c4-9a5f-d83b4cced67d\libraries\org\ow2\asm\asm-analysis\9.10.1\asm-analysis-9.10.1.jar exists. Checksum valid.
Considering library org.ow2.asm:asm-tree:9.10.1
File data\instances\6c7fc5e4-d926-44c4-9a5f-d83b4cced67d\libraries\org\ow2\asm\asm-tree\9.10.1\asm-tree-9.10.1.jar exists. Checksum valid.
Considering library net.neoforged:bus:8.0.5
File data\instances\6c7fc5e4-d926-44c4-9a5f-d83b4cced67d\libraries\net\neoforged\bus\8.0.5\bus-8.0.5.jar exists. Checksum valid.
Considering library org.ow2.asm:asm:9.10.1
File data\instances\6c7fc5e4-d926-44c4-9a5f-d83b4cced67d\libraries\org\ow2\asm\asm\9.10.1\asm-9.10.1.jar exists. Checksum valid.
Considering library com.electronwill.night-config:toml:3.9.0
File data\instances\6c7fc5e4-d926-44c4-9a5f-d83b4cced67d\libraries\com\electronwill\night-config\toml\3.9.0\toml-3.9.0.jar exists. Checksum valid.
Considering library com.electronwill.night-config:core:3.9.0
File data\instances\6c7fc5e4-d926-44c4-9a5f-d83b4cced67d\libraries\com\electronwill\night-config\core\3.9.0\core-3.9.0.jar exists. Checksum valid.
Considering library net.neoforged:JarJarSelector:0.5.1
File data\instances\6c7fc5e4-d926-44c4-9a5f-d83b4cced67d\libraries\net\neoforged\JarJarSelector\0.5.1\JarJarSelector-0.5.1.jar exists. Checksum valid.
Considering library net.neoforged:JarJarMetadata:0.5.1
File data\instances\6c7fc5e4-d926-44c4-9a5f-d83b4cced67d\libraries\net\neoforged\JarJarMetadata\0.5.1\JarJarMetadata-0.5.1.jar exists. Checksum valid.
Considering library org.apache.maven:maven-artifact:3.9.16
File data\instances\6c7fc5e4-d926-44c4-9a5f-d83b4cced67d\libraries\org\apache\maven\maven-artifact\3.9.16\maven-artifact-3.9.16.jar exists. Checksum valid.
Considering library net.jodah:typetools:0.6.3
File data\instances\6c7fc5e4-d926-44c4-9a5f-d83b4cced67d\libraries\net\jodah\typetools\0.6.3\typetools-0.6.3.jar exists. Checksum valid.
Considering library net.minecrell:terminalconsoleappender:1.3.0
File data\instances\6c7fc5e4-d926-44c4-9a5f-d83b4cced67d\libraries\net\minecrell\terminalconsoleappender\1.3.0\terminalconsoleappender-1.3.0.jar exists. Checksum valid.
Considering library net.fabricmc:sponge-mixin:0.17.3+mixin.0.8.7
File data\instances\6c7fc5e4-d926-44c4-9a5f-d83b4cced67d\libraries\net\fabricmc\sponge-mixin\0.17.3+mixin.0.8.7\sponge-mixin-0.17.3+mixin.0.8.7.jar exists. Checksum valid.
Considering library org.lwjgl:lwjgl-tinyfd:3.4.1
Downloading library from https://libraries.minecraft.net/org/lwjgl/lwjgl-tinyfd/3.4.1/lwjgl-tinyfd-3.4.1.jar
	Download completed: Checksum validated.
Considering library net.neoforged.accesstransformers:at-parser:11.0.2
File data\instances\6c7fc5e4-d926-44c4-9a5f-d83b4cced67d\libraries\net\neoforged\accesstransformers\at-parser\11.0.2\at-parser-11.0.2.jar exists. Checksum valid.
Considering library net.neoforged:srgutils:1.0.10
File data\instances\6c7fc5e4-d926-44c4-9a5f-d83b4cced67d\libraries\net\neoforged\srgutils\1.0.10\srgutils-1.0.10.jar exists. Checksum valid.
Considering library org.codehaus.plexus:plexus-utils:3.6.1
File data\instances\6c7fc5e4-d926-44c4-9a5f-d83b4cced67d\libraries\org\codehaus\plexus\plexus-utils\3.6.1\plexus-utils-3.6.1.jar exists. Checksum valid.
Considering library org.jline:jline-reader:3.20.0
File data\instances\6c7fc5e4-d926-44c4-9a5f-d83b4cced67d\libraries\org\jline\jline-reader\3.20.0\jline-reader-3.20.0.jar exists. Checksum valid.
Considering library com.google.guava:listenablefuture:9999.0-empty-to-avoid-conflict-with-guava
File data\instances\6c7fc5e4-d926-44c4-9a5f-d83b4cced67d\libraries\com\google\guava\listenablefuture\9999.0-empty-to-avoid-conflict-with-guava\listenablefuture-9999.0-empty-to-avoid-conflict-with-guava.jar exists. Checksum valid.
Considering library com.google.errorprone:error_prone_annotations:2.48.0
File data\instances\6c7fc5e4-d926-44c4-9a5f-d83b4cced67d\libraries\com\google\errorprone\error_prone_annotations\2.48.0\error_prone_annotations-2.48.0.jar exists. Checksum valid.
Considering library com.google.j2objc:j2objc-annotations:3.1
File data\instances\6c7fc5e4-d926-44c4-9a5f-d83b4cced67d\libraries\com\google\j2objc\j2objc-annotations\3.1\j2objc-annotations-3.1.jar exists. Checksum valid.
Considering library org.jline:jline-terminal:3.20.0
File data\instances\6c7fc5e4-d926-44c4-9a5f-d83b4cced67d\libraries\org\jline\jline-terminal\3.20.0\jline-terminal-3.20.0.jar exists. Checksum valid.
Considering library net.neoforged.installertools:installertools:4.0.17:fatjar
Downloading library from https://maven.neoforged.net/releases/net/neoforged/installertools/installertools/4.0.17/installertools-4.0.17-fatjar.jar
	Download completed: Checksum validated.
Considering library net.neoforged:neoforge:26.2.0.75:universal
Downloading library from https://maven.neoforged.net/releases/net/neoforged/neoforge/26.2.0.75/neoforge-26.2.0.75-universal.jar
	Download completed: Checksum validated.
Created Temporary Directory: C:\Users\lians\AppData\Local\Temp\neoforge_installer3801745470604357204
  Extracting: /data/client.lzma
Building Processors
===============================================================================
Processor: net.neoforged.installertools:installertools -> EXTRACT_FILES
  MainClass: net.neoforged.installertools.ConsoleTool
  Classpath:
    D:\Projects\MCSPR\data\instances\6c7fc5e4-d926-44c4-9a5f-d83b4cced67d\libraries\net\neoforged\installertools\installertools\4.0.17\installertools-4.0.17-fatjar.jar
    D:\Projects\MCSPR\data\instances\6c7fc5e4-d926-44c4-9a5f-d83b4cced67d\libraries\net\neoforged\installertools\installertools\4.0.17\installertools-4.0.17-fatjar.jar
  Args: --task, EXTRACT_FILES, --archive, D:\Projects\MCSPR\data\instances\6c7fc5e4-d926-44c4-9a5f-d83b4cced67d\neoforge-installer.jar.part, --from, data/run.sh, --to, D:\Projects\MCSPR\data\instances\6c7fc5e4-d926-44c4-9a5f-d83b4cced67d/run.sh, --exec, D:\Projects\MCSPR\data\instances\6c7fc5e4-d926-44c4-9a5f-d83b4cced67d/run.sh, --from, data/run.bat, --to, D:\Projects\MCSPR\data\instances\6c7fc5e4-d926-44c4-9a5f-d83b4cced67d/run.bat, --from, data/user_jvm_args.txt, --to, D:\Projects\MCSPR\data\instances\6c7fc5e4-d926-44c4-9a5f-d83b4cced67d/user_jvm_args.txt, --optional, D:\Projects\MCSPR\data\instances\6c7fc5e4-d926-44c4-9a5f-d83b4cced67d/user_jvm_args.txt, --from, data/win_args.txt, --to, D:\Projects\MCSPR\data\instances\6c7fc5e4-d926-44c4-9a5f-d83b4cced67d/libraries/net/neoforged/neoforge/26.2.0.75/win_args.txt, --from, data/unix_args.txt, --to, D:\Projects\MCSPR\data\instances\6c7fc5e4-d926-44c4-9a5f-d83b4cced67d/libraries/net/neoforged/neoforge/26.2.0.75/unix_args.txt
Task: EXTRACT_FILES
Archive: D:\Projects\MCSPR\data\instances\6c7fc5e4-d926-44c4-9a5f-d83b4cced67d\neoforge-installer.jar.part
Extract: data/run.sh
         D:\Projects\MCSPR\data\instances\6c7fc5e4-d926-44c4-9a5f-d83b4cced67d\run.sh
Extract: data/run.bat
         D:\Projects\MCSPR\data\instances\6c7fc5e4-d926-44c4-9a5f-d83b4cced67d\run.bat
Extract: data/user_jvm_args.txt
         D:\Projects\MCSPR\data\instances\6c7fc5e4-d926-44c4-9a5f-d83b4cced67d\user_jvm_args.txt
Extract: data/win_args.txt
         D:\Projects\MCSPR\data\instances\6c7fc5e4-d926-44c4-9a5f-d83b4cced67d\libraries\net\neoforged\neoforge\26.2.0.75\win_args.txt
Extract: data/unix_args.txt
         D:\Projects\MCSPR\data\instances\6c7fc5e4-d926-44c4-9a5f-d83b4cced67d\libraries\net\neoforged\neoforge\26.2.0.75\unix_args.txt
Exec:    D:\Projects\MCSPR\data\instances\6c7fc5e4-d926-44c4-9a5f-d83b4cced67d\run.sh
===============================================================================
Processor: net.neoforged.installertools:installertools -> PROCESS_MINECRAFT_JAR
  MainClass: net.neoforged.installertools.ConsoleTool
  Classpath:
    D:\Projects\MCSPR\data\instances\6c7fc5e4-d926-44c4-9a5f-d83b4cced67d\libraries\net\neoforged\installertools\installertools\4.0.17\installertools-4.0.17-fatjar.jar
    D:\Projects\MCSPR\data\instances\6c7fc5e4-d926-44c4-9a5f-d83b4cced67d\libraries\net\neoforged\installertools\installertools\4.0.17\installertools-4.0.17-fatjar.jar
  Args: --task, PROCESS_MINECRAFT_JAR, --no-mod-manifest, --input, D:\Projects\MCSPR\data\instances\6c7fc5e4-d926-44c4-9a5f-d83b4cced67d\libraries\net\minecraft\server\26.2\server-26.2.jar, --output, D:\Projects\MCSPR\data\instances\6c7fc5e4-d926-44c4-9a5f-d83b4cced67d\libraries\net\neoforged\minecraft-server-patched\26.2.0.75\minecraft-server-patched-26.2.0.75.jar, --extract-libraries-to, D:\Projects\MCSPR\data\instances\6c7fc5e4-d926-44c4-9a5f-d83b4cced67d/libraries/, --apply-patches, C:\Users\lians\AppData\Local\Temp\neoforge_installer3801745470604357204\data\client.lzma
Task: PROCESS_MINECRAFT_JAR
Using common thread-pool with parallelism 15
load patch bundle [383ms]
load input zip [1235ms]
applying patches [144ms]
write output file [1550ms]
overall work [2940ms]
The server installed successfully
You can delete this installer file now if you wish
